W/ActivityManager( 1087): No content provider found for permission revoke: file:///data/local/tmp/com.kaltura.kalturaplayertoolkit
W/ActivityManager( 1087): No content provider found for permission revoke: file:///data/local/tmp/com.kaltura.kalturaplayertoolkit
I/ActivityManager( 1087): Force stopping com.kaltura.kalturaplayertoolkit appid=10302 user=-1: uninstall pkg
I/ActivityManager( 1087): Killing 30042:com.kaltura.kalturaplayertoolkit/u0a302 (adj 9): stop com.kaltura.kalturaplayertoolkit
V/ActivityManager( 1087): Moving to DESTROYED: ActivityRecord{4383cb10 u0 com.kaltura.kalturaplayertoolkit/.MainActivity t702} (cleaning up)
I/ActivityManager( 1087):   Force finishing activity ActivityRecord{4383cb10 u0 com.kaltura.kalturaplayertoolkit/.MainActivity t702}
V/ActivityManager( 1087): Moving to FINISHING: ActivityRecord{4383cb10 u0 com.kaltura.kalturaplayertoolkit/.MainActivity t702 f}
V/ActivityManager( 1087): Moving to DESTROYED: ActivityRecord{4383cb10 u0 com.kaltura.kalturaplayertoolkit/.MainActivity t702 f} (removed from history)
I/WindowState( 1087): WIN DEATH: Window{43e65b10 u0 com.kaltura.kalturaplayertoolkit/com.kaltura.kalturaplayertoolkit.MainActivity}
W/WindowManager( 1087): Force-removing child win Window{44294780 u0 SurfaceView} from container Window{43e65b10 u0 com.kaltura.kalturaplayertoolkit/com.kaltura.kalturaplayertoolkit.MainActivity}
I/PackageManager( 1087): Package com.kaltura.kalturaplayertoolkit codePath changed from /data/app/com.kaltura.kalturaplayertoolkit-1.apk to /data/app/com.kaltura.kalturaplayertoolkit-2.apk; Retaining data and using new
W/PackageManager( 1087): Code path for pkg : com.kaltura.kalturaplayertoolkit changing from /data/app/com.kaltura.kalturaplayertoolkit-1.apk to /data/app/com.kaltura.kalturaplayertoolkit-2.apk
I/ActivityManager( 1087): Force stopping com.kaltura.kalturaplayertoolkit appid=10302 user=-1: update pkg
W/PackageManager( 1087): Resource path for pkg : com.kaltura.kalturaplayertoolkit changing from /data/app/com.kaltura.kalturaplayertoolkit-1.apk to /data/app/com.kaltura.kalturaplayertoolkit-2.apk
I/ActivityManager( 1087): Force stopping com.kaltura.kalturaplayertoolkit appid=10302 user=0: pkg removed
D/BackupManagerService( 1087): Received broadcast Intent { act=android.intent.action.PACKAGE_REMOVED dat=package:com.kaltura.kalturaplayertoolkit flg=0x4000010 (has extras) }
D/BackupManagerService( 1087): Received broadcast Intent { act=android.intent.action.PACKAGE_ADDED dat=package:com.kaltura.kalturaplayertoolkit flg=0x4000010 (has extras) }
I/ActivityManager( 1087): START u0 {act=android.intent.action.MAIN cat=[android.intent.category.LAUNCHER] flg=0x10000000 cmp=com.kaltura.kalturaplayertoolkit/.MainActivity} from pid 20221
I/ActivityManager( 1087): ActivityRecord{43a1b3c8 u0 com.kaltura.kalturaplayertoolkit/.MainActivity t-1} Support Split:false Is ScreenFull:true
D/ActivityManager( 1087): resumeTopActivityLocked: Restarting ActivityRecord{43a1b3c8 u0 com.kaltura.kalturaplayertoolkit/.MainActivity t704}
I/ActivityManager( 1087): Start proc com.kaltura.kalturaplayertoolkit for activity com.kaltura.kalturaplayertoolkit/.MainActivity: pid=20274 uid=10302 gids={50302, 3003, 1028, 1015}
V/ActivityManager( 1087): Moving to RESUMED: ActivityRecord{43a1b3c8 u0 com.kaltura.kalturaplayertoolkit/.MainActivity t704} (starting new instance)
V/WindowStateAnimator( 1087): performShowLocked: mDrawState=HAS_DRAWN in WindowStateAnimator{46826200 Starting com.kaltura.kalturaplayertoolkit}
D/ActivityManager( 1087): resumeTopActivityLocked: Top activity resumed ActivityRecord{43a1b3c8 u0 com.kaltura.kalturaplayertoolkit/.MainActivity t704}
V/WindowStateAnimator( 1087): performShowLocked: mDrawState=HAS_DRAWN in WindowStateAnimator{45ee8428 com.kaltura.kalturaplayertoolkit/com.kaltura.kalturaplayertoolkit.MainActivity}
D/ActivityManager( 1087): resumeTopActivityLocked: Top activity resumed ActivityRecord{43a1b3c8 u0 com.kaltura.kalturaplayertoolkit/.MainActivity t704}
D/ActivityManager( 1087): resumeTopActivityLocked: Top activity resumed ActivityRecord{43a1b3c8 u0 com.kaltura.kalturaplayertoolkit/.MainActivity t704}
D/ActivityManager( 1087): resumeTopActivityLocked: Top activity resumed ActivityRecord{43a1b3c8 u0 com.kaltura.kalturaplayertoolkit/.MainActivity t704}
D/ActivityManager( 1087): resumeTopActivityLocked: Top activity resumed ActivityRecord{43a1b3c8 u0 com.kaltura.kalturaplayertoolkit/.MainActivity t704}
D/ActivityManager( 1087): resumeTopActivityLocked: Top activity resumed ActivityRecord{43a1b3c8 u0 com.kaltura.kalturaplayertoolkit/.MainActivity t704}
V/WindowStateAnimator( 1087): performShowLocked: mDrawState=HAS_DRAWN in WindowStateAnimator{45ee8428 com.kaltura.kalturaplayertoolkit/com.kaltura.kalturaplayertoolkit.MainActivity}
D/ActivityManager( 1087): resumeTopActivityLocked: Top activity resumed ActivityRecord{43a1b3c8 u0 com.kaltura.kalturaplayertoolkit/.MainActivity t704}
D/ActivityManager( 1087): resumeTopActivityLocked: Top activity resumed ActivityRecord{43a1b3c8 u0 com.kaltura.kalturaplayertoolkit/.MainActivity t704}
D/ActivityManager( 1087): resumeTopActivityLocked: Top activity resumed ActivityRecord{43a1b3c8 u0 com.kaltura.kalturaplayertoolkit/.MainActivity t704}
D/ActivityManager( 1087): resumeTopActivityLocked: Top activity resumed ActivityRecord{43a1b3c8 u0 com.kaltura.kalturaplayertoolkit/.MainActivity t704}
D/ActivityManager( 1087): resumeTopActivityLocked: Top activity resumed ActivityRecord{43a1b3c8 u0 com.kaltura.kalturaplayertoolkit/.MainActivity t704}
D/ActivityManager( 1087): resumeTopActivityLocked: Top activity resumed ActivityRecord{43a1b3c8 u0 com.kaltura.kalturaplayertoolkit/.MainActivity t704}
I/ActivityManager( 1087): START u0 {act=android.intent.action.MAIN cat=[android.intent.category.LAUNCHER] flg=0x10000000 cmp=com.kaltura.kalturaplayertoolkit/.MainActivity} from pid 25175
I/ActivityManager( 1087): ActivityRecord{45bb2988 u0 com.kaltura.kalturaplayertoolkit/.MainActivity t-1} Support Split:false Is ScreenFull:true
D/ActivityManager( 1087): resumeTopActivityLocked: Top activity resumed ActivityRecord{43a1b3c8 u0 com.kaltura.kalturaplayertoolkit/.MainActivity t704}
D/ActivityManager( 1087): pauseBackStacks: stack=ActivityStack{446d4c20 stackId=2, 5 tasks} mResumedActivity=ActivityRecord{43a1b3c8 u0 com.kaltura.kalturaplayertoolkit/.MainActivity t704}
V/ActivityManager( 1087): Moving to PAUSING: ActivityRecord{43a1b3c8 u0 com.kaltura.kalturaplayertoolkit/.MainActivity t704}
D/ActivityManager( 1087): allPausedActivitiesComplete: r=ActivityRecord{43a1b3c8 u0 com.kaltura.kalturaplayertoolkit/.MainActivity t704} state=PAUSING
D/ActivityManager( 1087): allPausedActivitiesComplete: r=ActivityRecord{43a1b3c8 u0 com.kaltura.kalturaplayertoolkit/.MainActivity t704} state=PAUSING
V/ActivityManager( 1087): Moving to PAUSED: ActivityRecord{43a1b3c8 u0 com.kaltura.kalturaplayertoolkit/.MainActivity t704} (pause complete)
V/ActivityManager( 1087): Moving to STOPPING: ActivityRecord{43a1b3c8 u0 com.kaltura.kalturaplayertoolkit/.MainActivity t704} (stop requested)
V/ActivityManager( 1087): Moving to STOPPED: ActivityRecord{43a1b3c8 u0 com.kaltura.kalturaplayertoolkit/.MainActivity t704} (stop complete)
V/ActivityManager( 1087): Moving to FINISHING: ActivityRecord{43a1b3c8 u0 com.kaltura.kalturaplayertoolkit/.MainActivity t704 f}
V/ActivityManager( 1087): Moving to DESTROYING: ActivityRecord{43a1b3c8 u0 com.kaltura.kalturaplayertoolkit/.MainActivity t704 f} (destroy requested)
I/ActivityManager( 1087): Killing 20274:com.kaltura.kalturaplayertoolkit/u0a302 (adj 9): remove task
I/WindowState( 1087): WIN DEATH: Window{4383be58 u0 com.kaltura.kalturaplayertoolkit/com.kaltura.kalturaplayertoolkit.MainActivity}
W/WindowManager( 1087): Force-removing child win Window{43f2a200 u0 SurfaceView} from container Window{4383be58 u0 com.kaltura.kalturaplayertoolkit/com.kaltura.kalturaplayertoolkit.MainActivity}
V/ActivityManager( 1087): Moving to DESTROYED: ActivityRecord{43a1b3c8 u0 com.kaltura.kalturaplayertoolkit/.MainActivity t704 f} (removed from history)
V/ActivityManager( 1087): Moving to DESTROYED: ActivityRecord{43a1b3c8 u0 com.kaltura.kalturaplayertoolkit/.MainActivity t704 f} (cleaning up)
I/ActivityManager( 1087): Force stopping com.kaltura.kalturaplayertoolkit appid=10302 user=-1: uninstall pkg
W/PackageManager( 1087): Couldn't delete native library directory /data/app-lib/com.kaltura.kalturaplayertoolkit
I/ActivityManager( 1087): Force stopping com.kaltura.kalturaplayertoolkit appid=10302 user=0: pkg removed
D/BackupManagerService( 1087): Received broadcast Intent { act=android.intent.action.PACKAGE_REMOVED dat=package:com.kaltura.kalturaplayertoolkit flg=0x4000010 (has extras) }
W/ActivityManager( 1087): No content provider found for permission revoke: file:///data/local/tmp/com.kaltura.kalturaplayertoolkit
W/ActivityManager( 1087): No content provider found for permission revoke: file:///data/local/tmp/com.kaltura.kalturaplayertoolkit
I/ActivityManager( 1087): Force stopping com.kaltura.kalturaplayertoolkit appid=10303 user=-1: update pkg
D/BackupManagerService( 1087): Received broadcast Intent { act=android.intent.action.PACKAGE_ADDED dat=package:com.kaltura.kalturaplayertoolkit flg=0x4000010 (has extras) }
I/ActivityManager( 1087): START u0 {act=android.intent.action.MAIN cat=[android.intent.category.LAUNCHER] flg=0x10000000 cmp=com.kaltura.kalturaplayertoolkit/.MainActivity} from pid 26296
I/ActivityManager( 1087): ActivityRecord{43808c18 u0 com.kaltura.kalturaplayertoolkit/.MainActivity t-1} Support Split:false Is ScreenFull:true
I/ActivityManager( 1087): Start proc com.kaltura.kalturaplayertoolkit for activity com.kaltura.kalturaplayertoolkit/.MainActivity: pid=26336 uid=10303 gids={50303, 3003, 1028, 1015}
V/ActivityManager( 1087): Moving to RESUMED: ActivityRecord{43808c18 u0 com.kaltura.kalturaplayertoolkit/.MainActivity t706} (starting new instance)
V/WindowStateAnimator( 1087): performShowLocked: mDrawState=HAS_DRAWN in WindowStateAnimator{46877cd8 Starting com.kaltura.kalturaplayertoolkit}
D/ActivityManager( 1087): resumeTopActivityLocked: Top activity resumed ActivityRecord{43808c18 u0 com.kaltura.kalturaplayertoolkit/.MainActivity t706}
D/ActivityManager( 1087): resumeTopActivityLocked: Top activity resumed ActivityRecord{43808c18 u0 com.kaltura.kalturaplayertoolkit/.MainActivity t706}
V/WindowStateAnimator( 1087): performShowLocked: mDrawState=HAS_DRAWN in WindowStateAnimator{45c082e8 com.kaltura.kalturaplayertoolkit/com.kaltura.kalturaplayertoolkit.MainActivity}
D/ActivityManager( 1087): resumeTopActivityLocked: Top activity resumed ActivityRecord{43808c18 u0 com.kaltura.kalturaplayertoolkit/.MainActivity t706}
V/WindowStateAnimator( 1087): performShowLocked: mDrawState=HAS_DRAWN in WindowStateAnimator{45c082e8 com.kaltura.kalturaplayertoolkit/com.kaltura.kalturaplayertoolkit.MainActivity}
D/ActivityManager( 1087): pauseBackStacks: stack=ActivityStack{446d4c20 stackId=2, 5 tasks} mResumedActivity=ActivityRecord{43808c18 u0 com.kaltura.kalturaplayertoolkit/.MainActivity t706}
V/ActivityManager( 1087): Moving to PAUSING: ActivityRecord{43808c18 u0 com.kaltura.kalturaplayertoolkit/.MainActivity t706}
D/ActivityManager( 1087): allPausedActivitiesComplete: r=ActivityRecord{43808c18 u0 com.kaltura.kalturaplayertoolkit/.MainActivity t706} state=PAUSING
D/ActivityManager( 1087): allPausedActivitiesComplete: r=ActivityRecord{43808c18 u0 com.kaltura.kalturaplayertoolkit/.MainActivity t706} state=PAUSING
V/ActivityManager( 1087): Moving to PAUSED: ActivityRecord{43808c18 u0 com.kaltura.kalturaplayertoolkit/.MainActivity t706} (pause complete)
V/ActivityManager( 1087): Moving to STOPPING: ActivityRecord{43808c18 u0 com.kaltura.kalturaplayertoolkit/.MainActivity t706} (stop requested)
V/ActivityManager( 1087): Moving to STOPPED: ActivityRecord{43808c18 u0 com.kaltura.kalturaplayertoolkit/.MainActivity t706} (stop complete)
I/ActivityManager( 1087): Force stopping com.kaltura.kalturaplayertoolkit appid=10303 user=-1: uninstall pkg
I/ActivityManager( 1087): Killing 26336:com.kaltura.kalturaplayertoolkit/u0a303 (adj 7): stop com.kaltura.kalturaplayertoolkit
V/ActivityManager( 1087): Moving to DESTROYED: ActivityRecord{43808c18 u0 com.kaltura.kalturaplayertoolkit/.MainActivity t706} (cleaning up)
I/ActivityManager( 1087):   Force finishing activity ActivityRecord{43808c18 u0 com.kaltura.kalturaplayertoolkit/.MainActivity t706}
V/ActivityManager( 1087): Moving to FINISHING: ActivityRecord{43808c18 u0 com.kaltura.kalturaplayertoolkit/.MainActivity t706 f}
W/PackageManager( 1087): Couldn't delete native library directory /data/app-lib/com.kaltura.kalturaplayertoolkit
V/ActivityManager( 1087): Moving to DESTROYED: ActivityRecord{43808c18 u0 com.kaltura.kalturaplayertoolkit/.MainActivity t706 f} (removed from history)
I/WindowState( 1087): WIN DEATH: Window{43823378 u0 com.kaltura.kalturaplayertoolkit/com.kaltura.kalturaplayertoolkit.MainActivity}
W/WindowManager( 1087): Force-removing child win Window{457c11d8 u0 SurfaceView} from container Window{43823378 u0 com.kaltura.kalturaplayertoolkit/com.kaltura.kalturaplayertoolkit.MainActivity}
I/ActivityManager( 1087): Force stopping com.kaltura.kalturaplayertoolkit appid=10303 user=0: pkg removed
I/[LGHome]EVENT( 1886): [LauncherModel.java:1146:onReceive()]onReceive intent=Intent { act=android.intent.action.PACKAGE_REMOVED dat=package:com.kaltura.kalturaplayertoolkit flg=0x4000010 (has extras) }
I/[LGHome]LGPlusHomeDBManager( 1886): [LGPlusHomeDBManager.java:308:onReceive()]onReceive intent=Intent { act=android.intent.action.PACKAGE_REMOVED dat=package:com.kaltura.kalturaplayertoolkit flg=0x4000010 (has extras) }
I/SplitWindowPolicyService( 1642): package:com.kaltura.kalturaplayertoolkit
V/SplitWindowPolicyService( 1642): handlePackageRemoved - com.kaltura.kalturaplayertoolkit
D/LIA_MrGDBLogger_PackageInfoDetector( 4303): [dreamwood]action: android.intent.action.PACKAGE_REMOVED, package: com.kaltura.kalturaplayertoolkit
D/LGMenuPagedAppsView( 1886): removeApplication ItemInfo =com.kaltura.kalturaplayertoolkit/.MainActivity
D/LIA_Service_RemotePackageHandler( 1790): onReceive action : android.intent.action.PACKAGE_REMOVED = package:com.kaltura.kalturaplayertoolkit
D/AppUp4:PreloadHelper(25794): is exclude : com.kaltura.kalturaplayertoolkit : false
W/System.err(  669): android.content.pm.PackageManager$NameNotFoundException: com.kaltura.kalturaplayertoolkit
D/AppUp4:PreloadHelper(25794): added Exclude : com.kaltura.kalturaplayertoolkit
D/[BNRAppListMgrReceiver](25809): android.intent.action.PACKAGE_REMOVED : com.kaltura.kalturaplayertoolkit
D/VoicemailCleanupService(31142): Cleaning up data for package: com.kaltura.kalturaplayertoolkit
D/HideNavigationAppsReceiver(30927): Receive package name : com.kaltura.kalturaplayertoolkit, replacing=false, action=android.intent.action.PACKAGE_REMOVED
D/HideNavigationAppsReceiver(30927): Delete mPackageMame : com.kaltura.kalturaplayertoolkit
D/ButtonCombinationReceiver(30927): Receive package name : com.kaltura.kalturaplayertoolkit
D/LIA_Service_NativeEventReceiver( 1790): onReceive action : android.intent.action.PACKAGE_REMOVED = package:com.kaltura.kalturaplayertoolkit
D/EnterpriseUtils( 1642): packageName=com.kaltura.kalturaplayertoolkit,stringAction=android.intent.action.PACKAGE_REMOVED
I/InteractionManagerConfigurator( 1087): com.kaltura.kalturaplayertoolkit isn't inclued in dragdropPackageList
D/BackupManagerService( 1087): Received broadcast Intent { act=android.intent.action.PACKAGE_REMOVED dat=package:com.kaltura.kalturaplayertoolkit flg=0x4000010 (has extras) }
I/IcingCorporaProvider(14565): Updating corpora: APPS=com.kaltura.kalturaplayertoolkit, CONTACTS=MAYBE
I/ConfigFetchService(32363): PackageReceiver: Intent { act=android.intent.action.PACKAGE_REMOVED dat=package:com.kaltura.kalturaplayertoolkit flg=0x4000010 cmp=com.google.android.gms/.config.ConfigFetchService$PackageReceiver (has extras) }
I/ConfigFetchService(32363): onStartCommand Intent { act=android.intent.action.PACKAGE_REMOVED dat=package:com.kaltura.kalturaplayertoolkit cmp=com.google.android.gms/.config.ConfigFetchService (has extras) }
D/PackageBroadcastService(32363): Received broadcast action=android.intent.action.PACKAGE_REMOVED and uri=com.kaltura.kalturaplayertoolkit
D/AccountUtils(32363): Clearing selected account for com.kaltura.kalturaplayertoolkit
I/Icing   (32363): doRemovePackageData com.kaltura.kalturaplayertoolkit
I/LocationSettingsChecker(28404): Removing dialog suppression flag for package com.kaltura.kalturaplayertoolkit
W/ActivityManager( 1087): No content provider found for permission revoke: file:///data/local/tmp/com.kaltura.kalturaplayertoolkit
D/Finsky  ( 9838): [1] WorkerTask.onPreExecute: Verification Requested for id = 142, data=file:///data/local/tmp/com.kaltura.kalturaplayertoolkit flags=114 fromVerificationActivity=false
W/ActivityManager( 1087): No content provider found for permission revoke: file:///data/local/tmp/com.kaltura.kalturaplayertoolkit
I/PackageManager( 1087): Running dexopt on: com.kaltura.kalturaplayertoolkit
I/ActivityManager( 1087): Force stopping com.kaltura.kalturaplayertoolkit appid=10304 user=-1: update pkg
I/SplitWindowPolicyService( 1642): package:com.kaltura.kalturaplayertoolkit
V/SplitWindowPolicyService( 1642): handlePackageAdded - com.kaltura.kalturaplayertoolkit
I/[LGHome]EVENT( 1886): [LauncherModel.java:1146:onReceive()]onReceive intent=Intent { act=android.intent.action.PACKAGE_ADDED dat=package:com.kaltura.kalturaplayertoolkit flg=0x4000010 (has extras) }
I/[LGHome]LGPlusHomeDBManager( 1886): [LGPlusHomeDBManager.java:308:onReceive()]onReceive intent=Intent { act=android.intent.action.PACKAGE_ADDED dat=package:com.kaltura.kalturaplayertoolkit flg=0x4000010 (has extras) }
D/LIA_MrGDBLogger_PackageInfoDetector( 4303): [dreamwood]action: android.intent.action.PACKAGE_ADDED, package: com.kaltura.kalturaplayertoolkit
D/LIA_Service_RemotePackageHandler( 1790): onReceive action : android.intent.action.PACKAGE_ADDED = package:com.kaltura.kalturaplayertoolkit
D/LGMenuApppicationUtil( 1886): addAppsWithoutInvalidate index = 44 ItemInfo =ComponentInfo{com.kaltura.kalturaplayertoolkit/com.kaltura.kalturaplayertoolkit.MainActivity}
D/AppUp4:PreloadHelper(28766): is exclude : com.kaltura.kalturaplayertoolkit : true
I/InteractionManagerConfigurator( 1087): com.kaltura.kalturaplayertoolkit isn't inclued in dragdropPackageList
D/AppUp4:PreloadHelper(28766): removed from Exclude : com.kaltura.kalturaplayertoolkit : 1
D/[BNRAppListMgrReceiver](25809): android.intent.action.PACKAGE_ADDED : com.kaltura.kalturaplayertoolkit
D/BackupManagerService( 1087): Received broadcast Intent { act=android.intent.action.PACKAGE_ADDED dat=package:com.kaltura.kalturaplayertoolkit flg=0x4000010 (has extras) }
D/LIA_Service_NativeEventReceiver( 1790): onReceive action : android.intent.action.PACKAGE_ADDED = package:com.kaltura.kalturaplayertoolkit
D/EnterpriseUtils( 1642): packageName=com.kaltura.kalturaplayertoolkit,stringAction=android.intent.action.PACKAGE_ADDED
D/EulaProviderUpdateObserver(28780): uri : package:com.kaltura.kalturaplayertoolkit
I/IcingCorporaProvider(14565): Updating corpora: APPS=com.kaltura.kalturaplayertoolkit, CONTACTS=MAYBE
I/ConfigFetchService(32363): PackageReceiver: Intent { act=android.intent.action.PACKAGE_ADDED dat=package:com.kaltura.kalturaplayertoolkit flg=0x4000010 cmp=com.google.android.gms/.config.ConfigFetchService$PackageReceiver (has extras) }
I/ConfigFetchService(32363): onStartCommand Intent { act=android.intent.action.PACKAGE_ADDED dat=package:com.kaltura.kalturaplayertoolkit cmp=com.google.android.gms/.config.ConfigFetchService (has extras) }
D/PackageBroadcastService(32363): Received broadcast action=android.intent.action.PACKAGE_ADDED and uri=com.kaltura.kalturaplayertoolkit
I/ActivityManager( 1087): START u0 {act=android.intent.action.MAIN cat=[android.intent.category.LAUNCHER] flg=0x10000000 cmp=com.kaltura.kalturaplayertoolkit/.MainActivity} from pid 28794
I/ActivityManager( 1087): ActivityRecord{437b3298 u0 com.kaltura.kalturaplayertoolkit/.MainActivity t-1} Support Split:false Is ScreenFull:true
D/ActivityManager( 1087): resumeTopActivityLocked: Restarting ActivityRecord{437b3298 u0 com.kaltura.kalturaplayertoolkit/.MainActivity t707}
I/ActivityMan